*** Using Compiler 'V5.06 update 6 (build 750)', folder: 'D:\IDE\keil5\keil5MDK\ARM\ARMCC\Bin'
Build target 'oscilloscope'
compiling waveform_task.c...
..\APP\waveform_task.h(16): warning:  #47-D: incompatible redefinition of macro "TRIGGER_RISING"  (declared at line 270 of "../Drivers/STM32F4xx_HAL_Driver/Inc/stm32f4xx_hal_gpio.h")
  #define TRIGGER_RISING 0
..\APP\waveform_task.h(17): warning:  #47-D: incompatible redefinition of macro "TRIGGER_FALLING"  (declared at line 271 of "../Drivers/STM32F4xx_HAL_Driver/Inc/stm32f4xx_hal_gpio.h")
  #define TRIGGER_FALLING 1
..\APP\waveform_task.h(71): warning:  #1-D: last line of file ends without a newline
  #endif /* __WAVEFORM_TASK_H */
..\APP\adc_task.h(22): warning:  #1-D: last line of file ends without a newline
  #endif /* __ADC_TASK_H */
..\APP\waveform_task.c: 4 warnings, 0 errors
compiling oscilloscope.c...
../APP/waveform_task.h(16): warning:  #47-D: incompatible redefinition of macro "TRIGGER_RISING"  (declared at line 270 of "../Drivers/STM32F4xx_HAL_Driver/Inc/stm32f4xx_hal_gpio.h")
  #define TRIGGER_RISING 0
../APP/waveform_task.h(17): warning:  #47-D: incompatible redefinition of macro "TRIGGER_FALLING"  (declared at line 271 of "../Drivers/STM32F4xx_HAL_Driver/Inc/stm32f4xx_hal_gpio.h")
  #define TRIGGER_FALLING 1
../APP/waveform_task.h(71): warning:  #1-D: last line of file ends without a newline
  #endif /* __WAVEFORM_TASK_H */
../APP/adc_task.h(22): warning:  #1-D: last line of file ends without a newline
  #endif /* __ADC_TASK_H */
..\GUI\oscilloscope.c: 4 warnings, 0 errors
linking...
Program Size: Code=192032 RO-data=150952 RW-data=840 ZI-data=117400  
FromELF: creating hex file...
"oscilloscope\oscilloscope.axf" - 0 Error(s), 8 Warning(s).
Build Time Elapsed:  00:00:04
