<html>
<body>
<pre>
<h1>µVision Build Log</h1>
<h2>Tool Versions:</h2>
IDE-Version: ¦ÌVision V5.28.0.0
Copyright (C) 2019 ARM Ltd and ARM Germany GmbH. All rights reserved.
License Information: 11 BO_SLOVE, 1, LIC=BUURY-I1GFX-II25V-PKT9I-KPD15-Q1ZTM
 
Tool Versions:
Toolchain:       MDK-ARM Plus  Version: 5.28.0.0
Toolchain Path:  D:\IDE\keil5\keil5MDK\ARM\ARMCC\Bin
C Compiler:      Armcc.exe V5.06 update 6 (build 750)
Assembler:       Armasm.exe V5.06 update 6 (build 750)
Linker/Locator:  ArmLink.exe V5.06 update 6 (build 750)
Library Manager: ArmAr.exe V5.06 update 6 (build 750)
Hex Converter:   FromElf.exe V5.06 update 6 (build 750)
CPU DLL:         SARMCM3.DLL V5.28.0.0
Dialog DLL:      DCM.DLL V1.17.3.0
Target DLL:      CMSIS_AGDI.dll V1.31.18.0
Dialog DLL:      TCM.DLL V1.36.2.0
 
<h2>Project:</h2>
D:\H\MDK-ARM\oscilloscope.uvprojx
Project File Date:  10/12/2025

<h2>Output:</h2>
*** Using Compiler 'V5.06 update 6 (build 750)', folder: 'D:\IDE\keil5\keil5MDK\ARM\ARMCC\Bin'
Build target 'oscilloscope'
compiling oscilloscope.c...
../APP/waveform_task.h(16): warning:  #47-D: incompatible redefinition of macro "TRIGGER_RISING"  (declared at line 270 of "../Drivers/STM32F4xx_HAL_Driver/Inc/stm32f4xx_hal_gpio.h")
  #define TRIGGER_RISING 0
../APP/waveform_task.h(17): warning:  #47-D: incompatible redefinition of macro "TRIGGER_FALLING"  (declared at line 271 of "../Drivers/STM32F4xx_HAL_Driver/Inc/stm32f4xx_hal_gpio.h")
  #define TRIGGER_FALLING 1
../APP/waveform_task.h(71): warning:  #1-D: last line of file ends without a newline
  #endif /* __WAVEFORM_TASK_H */
../APP/adc_task.h(22): warning:  #1-D: last line of file ends without a newline
  #endif /* __ADC_TASK_H */
..\GUI\oscilloscope.c: 4 warnings, 0 errors
linking...
Program Size: Code=192032 RO-data=150952 RW-data=840 ZI-data=117400  
FromELF: creating hex file...
"oscilloscope\oscilloscope.axf" - 0 Error(s), 4 Warning(s).

<h2>Software Packages used:</h2>

Package Vendor: ARM
                http://www.keil.com/pack/ARM.CMSIS.5.5.1.pack
                ARM.CMSIS.5.5.1
                CMSIS (Cortex Microcontroller Software Interface Standard)
   * Component: CORE Version: 5.2.0

Package Vendor: Keil
                http://www.keil.com/pack/Keil.STM32F4xx_DFP.2.16.0.pack
                Keil.STM32F4xx_DFP.2.16.0
                STMicroelectronics STM32F4 Series Device Support, Drivers and Examples

<h2>Collection of Component include folders:</h2>
  .\RTE\_oscilloscope
  D:\IDE\keil5\keil5MDK\Packs\ARM\CMSIS\5.5.1\CMSIS\Core\Include
  D:\IDE\keil5\keil5MDK\Packs\Keil\STM32F4xx_DFP\2.16.0\Drivers\CMSIS\Device\ST\STM32F4xx\Include

<h2>Collection of Component Files used:</h2>

   * Component: ARM::CMSIS:CORE:5.2.0
Build Time Elapsed:  00:00:04
</pre>
</body>
</html>
