<html>
<body>
<pre>
<h1>µVision Build Log</h1>
<h2>Tool Versions:</h2>
IDE-Version: ¦ÌVision V5.28.0.0
Copyright (C) 2019 ARM Ltd and ARM Germany GmbH. All rights reserved.
License Information: 11 BO_SLOVE, 1, LIC=BUURY-I1GFX-II25V-PKT9I-KPD15-Q1ZTM
 
Tool Versions:
Toolchain:       MDK-ARM Plus  Version: 5.28.0.0
Toolchain Path:  D:\IDE\keil5\keil5MDK\ARM\ARMCC\Bin
C Compiler:      Armcc.exe V5.06 update 6 (build 750)
Assembler:       Armasm.exe V5.06 update 6 (build 750)
Linker/Locator:  ArmLink.exe V5.06 update 6 (build 750)
Library Manager: ArmAr.exe V5.06 update 6 (build 750)
Hex Converter:   FromElf.exe V5.06 update 6 (build 750)
CPU DLL:         SARMCM3.DLL V5.28.0.0
Dialog DLL:      DCM.DLL V1.17.3.0
Target DLL:      CMSIS_AGDI.dll V1.31.18.0
Dialog DLL:      TCM.DLL V1.36.2.0
 
<h2>Project:</h2>
D:\H\MDK-ARM\oscilloscope.uvprojx
Project File Date:  09/27/2025

<h2>Output:</h2>
*** Using Compiler 'V5.06 update 6 (build 750)', folder: 'D:\IDE\keil5\keil5MDK\ARM\ARMCC\Bin'
Build target 'oscilloscope'
compiling oscilloscope.c...
..\GUI\oscilloscope.h(44): warning:  #1-D: last line of file ends without a newline
  #endif // OSCILLOSCOPE_H
..\GUI\oscilloscope.c(64): warning:  #1035-D: single-precision operand implicitly converted to double-precision
          float sample_interval = (TIME_DIV * 1e-3f * GRID_X_COUNT) / buf_len;
..\GUI\oscilloscope.c(75): warning:  #1035-D: single-precision operand implicitly converted to double-precision
      const float total_display_time = TIME_DIV * 1e-3f * GRID_X_COUNT;
..\GUI\oscilloscope.c(129): warning:  #1035-D: single-precision operand implicitly converted to double-precision
          v_buf[i] = (phase < M_PI) ? amp : -amp;
..\GUI\oscilloscope.c(137): warning:  #1035-D: single-precision operand implicitly converted to double-precision
      const float total_display_time = TIME_DIV * 1e-3f * GRID_X_COUNT;
..\GUI\oscilloscope.c(391): warning:  #1-D: last line of file ends without a newline
  }
..\GUI\oscilloscope.c(28): warning:  #177-D: variable "ch1_avg_v"  was declared but never referenced
  static float ch1_max_v, ch1_min_v, ch1_avg_v, ch1_rms_v;
..\GUI\oscilloscope.c(29): warning:  #177-D: variable "ch2_avg_v"  was declared but never referenced
  static float ch2_max_v, ch2_min_v, ch2_avg_v, ch2_rms_v;
..\GUI\oscilloscope.c(31): warning:  #550-D: variable "ch1_type"  was set but never used
  static wave_type_t ch1_type, ch2_type;
..\GUI\oscilloscope.c(31): warning:  #550-D: variable "ch2_type"  was set but never used
  static wave_type_t ch1_type, ch2_type;
..\GUI\oscilloscope.c(45): warning:  #177-D: function "calculate_frequency"  was declared but never referenced
  static float calculate_frequency(int16_t *wave_buf, uint16_t buf_len) {
..\GUI\oscilloscope.c: 11 warnings, 0 errors
linking...
Program Size: Code=190124 RO-data=31300 RW-data=796 ZI-data=97244  
FromELF: creating hex file...
"oscilloscope\oscilloscope.axf" - 0 Error(s), 11 Warning(s).

<h2>Software Packages used:</h2>

Package Vendor: ARM
                http://www.keil.com/pack/ARM.CMSIS.5.5.1.pack
                ARM.CMSIS.5.5.1
                CMSIS (Cortex Microcontroller Software Interface Standard)
   * Component: CORE Version: 5.2.0

Package Vendor: Keil
                http://www.keil.com/pack/Keil.STM32F4xx_DFP.2.16.0.pack
                Keil.STM32F4xx_DFP.2.16.0
                STMicroelectronics STM32F4 Series Device Support, Drivers and Examples

<h2>Collection of Component include folders:</h2>
  .\RTE\_oscilloscope
  D:\IDE\keil5\keil5MDK\Packs\ARM\CMSIS\5.5.1\CMSIS\Core\Include
  D:\IDE\keil5\keil5MDK\Packs\Keil\STM32F4xx_DFP\2.16.0\Drivers\CMSIS\Device\ST\STM32F4xx\Include

<h2>Collection of Component Files used:</h2>

   * Component: ARM::CMSIS:CORE:5.2.0
Build Time Elapsed:  00:00:02
</pre>
</body>
</html>
